C51 COMPILER V9.00   MAIN                                                                  02/18/2019 19:04:47 PAGE 1   


C51 COMPILER V9.00, COMPILATION OF MODULE MAIN
OBJECT MODULE PLACED IN main.OBJ
COMPILER INVOKED BY: C:\Keil\C51\BIN\C51.EXE main.c BROWSE DEBUG OBJECTEXTEND TABS(2)

line level    source

   1          /*ULuo only for temporary testing and the code will be changed anytime*/
   2          
   3          #include"stc15f2k60s2.h"
   4          
   5          unsigned int t0Cnt,t1Cnt;
   6          unsigned char P0buff0,P0buff1;
   7          
   8          void main()
   9          {
  10   1          //关闭外设
  11   1          P2=0xa0;P0=0;P2=0;
  12   1          //LED亮
  13   1          P2=0x80;P0=0;P2=0;
  14   1          //共阳数码管全亮
  15   1          P2=0xc0;P0=0xff;P2=0;
  16   1          P2=0xe0;P0=0;P2=0;
  17   1      
  18   1          P0buff0=P0buff1=0;
  19   1      
  20   1          TMOD=0; //配置定时器T0和T1为模式0
  21   1          TH0=0xfc;TL0=0x66;  //1ms@11.0592MHz
  22   1          TH1=0x4c;TL0=0; //50ms@11.0592MHz
  23   1          TF0=0;TF1=0;  //清除T0T1溢出标志
  24   1          TR0=1;TR1=1;ET0=1;ET1=1;EA=1;   //定时器和中断使能
  25   1      
  26   1          while(1);
  27   1      }
  28          
  29          
  30          void t0Server() interrupt 1 //T0
  31          {
  32   1          if(t0Cnt==1000) //1s?
  33   1          {
  34   2              t0Cnt=0;
  35   2              P0buff0=~P0buff0;
  36   2              P2=0x80;P0=P0buff0;P2=0;
  37   2          }else
  38   1          {
  39   2              t0Cnt++;
  40   2          }
  41   1      }
  42          
  43          void t1Server() interrupt 3 //T1
  44          {
  45   1          if(t1Cnt==4) //0.2s
  46   1          {
  47   2              t1Cnt=0;
  48   2              P0buff1=~P0buff1;
  49   2              P2=0xe0;P0=P0buff1;P2=0;
  50   2          }else
  51   1          {
  52   2              t1Cnt++;
  53   2          }
  54   1          
  55   1      }
C51 COMPILER V9.00   MAIN                                                                  02/18/2019 19:04:47 PAGE 2   



MODULE INFORMATION:   STATIC OVERLAYABLE
   CODE SIZE        =    148    ----
   CONSTANT SIZE    =   ----    ----
   XDATA SIZE       =   ----    ----
   PDATA SIZE       =   ----    ----
   DATA SIZE        =      6    ----
   IDATA SIZE       =   ----    ----
   BIT SIZE         =   ----    ----
END OF MODULE INFORMATION.


C51 COMPILATION COMPLETE.  0 WARNING(S),  0 ERROR(S)
